*************************************************************************
7.00.240223P-20241009
THREAD ERROR ([63], LSPULSE, THIS)   16/10/2025   15:21:24
Application Server is Shutting Down. on FWLSMANAGERPULSE(FWLICENSEPULSEMANAGER.PRW) 06/10/2025 16:18:46

[build: 7.00.240223P-20241009]
* SVN Revision: 42847
[platform: x64]
[appversion: 24.3.0.1]
[environment: ENVIRONMENT]
[thread: 63]
[rpodb: top]
[localfiles: CTREE]
[remark: [KILL] [APPKILL] [TERM] ]
[threadtype: IPCJobThread]

*************************************************************************
7.00.240223P-20241009
THREAD ERROR ([123], _, 96dfc90a1669)   16/10/2025   15:21:25
Application Server is Shutting Down. on MPNEWSUPDATE(FWNEWSLETTER.PRW) 06/10/2025 16:18:51

[build: 7.00.240223P-20241009]
* SVN Revision: 42847
[platform: x64]
[appversion: 24.3.0.1]
[environment: ENVIRONMENT]
[thread: 123]
[dbthread: 33]
[dbversion: 24.1.1.0]
[dbapibuild: 20240224-20241002]
[dbapiversion: 24.1.0.0]
[dbarch: 64]
[dbso: LINUX]
[rpodb: top]
[localfiles: CTREE]
[remark: [KILL] [APPKILL] [TERM] ]
[threadtype: JobThread]

